{
  "version": "1.5.0",
  "plugins_used": [
    {
      "name": "ArtifactoryDetector"
    },
    {
      "name": "AWSKeyDetector"
    },
    {
      "name": "AzureStorageKeyDetector"
    },
    {
      "name": "Base64HighEntropyString",
      "limit": 4.5
    },
    {
      "name": "BasicAuthDetector"
    },
    {
      "name": "CloudantDetector"
    },
    {
      "name": "DiscordBotTokenDetector"
    },
    {
      "name": "GitHubTokenDetector"
    },
    {
      "name": "GitLabTokenDetector"
    },
    {
      "name": "HexHighEntropyString",
      "limit": 3.0
    },
    {
      "name": "IbmCloudIamDetector"
    },
    {
      "name": "IbmCosHmacDetector"
    },
    {
      "name": "IPPublicDetector"
    },
    {
      "name": "JwtTokenDetector"
    },
    {
      "name": "KeywordDetector",
      "keyword_exclude": ""
    },
    {
      "name": "MailchimpDetector"
    },
    {
      "name": "NpmDetector"
    },
    {
      "name": "OpenAIDetector"
    },
    {
      "name": "PrivateKeyDetector"
    },
    {
      "name": "PypiTokenDetector"
    },
    {
      "name": "SendGridDetector"
    },
    {
      "name": "SlackDetector"
    },
    {
      "name": "SoftlayerDetector"
    },
    {
      "name": "SquareOAuthDetector"
    },
    {
      "name": "StripeDetector"
    },
    {
      "name": "TelegramBotTokenDetector"
    },
    {
      "name": "TwilioKeyDetector"
    }
  ],
  "filters_used": [
    {
      "path": "detect_secrets.filters.allowlist.is_line_allowlisted"
    },
    {
      "path": "detect_secrets.filters.common.is_baseline_file",
      "filename": ".secrets.baseline"
    },
    {
      "path": "detect_secrets.filters.common.is_ignored_due_to_verification_policies",
      "min_level": 2
    },
    {
      "path": "detect_secrets.filters.heuristic.is_indirect_reference"
    },
    {
      "path": "detect_secrets.filters.heuristic.is_likely_id_string"
    },
    {
      "path": "detect_secrets.filters.heuristic.is_lock_file"
    },
    {
      "path": "detect_secrets.filters.heuristic.is_not_alphanumeric_string"
    },
    {
      "path": "detect_secrets.filters.heuristic.is_potential_uuid"
    },
    {
      "path": "detect_secrets.filters.heuristic.is_prefixed_with_dollar_sign"
    },
    {
      "path": "detect_secrets.filters.heuristic.is_sequential_string"
    },
    {
      "path": "detect_secrets.filters.heuristic.is_swagger_file"
    },
    {
      "path": "detect_secrets.filters.heuristic.is_templated_secret"
    }
  ],
  "results": {
    "examples\\environments\\development.json": [
      {
        "type": "Secret Keyword",
        "filename": "examples\\environments\\development.json",
        "hashed_secret": "16c302c608dfff4934fb4a9c88c8c88c220cfece",
        "is_verified": false,
        "line_number": 6
      }
    ],
    "examples\\environments\\production.json": [
      {
        "type": "Secret Keyword",
        "filename": "examples\\environments\\production.json",
        "hashed_secret": "a29d761309881b565ce236d3b34e4ffbfc880da1",
        "is_verified": false,
        "line_number": 6
      }
    ],
    "src\\equinox\\auth\\_base.py": [
      {
        "type": "Secret Keyword",
        "filename": "src\\equinox\\auth\\_base.py",
        "hashed_secret": "47acd2028cf81b5da88ddeedb2aea4eca4b71fbd",
        "is_verified": false,
        "line_number": 40
      }
    ],
    "src\\equinox\\auth\\_oauth2\\operations.py": [
      {
        "type": "Secret Keyword",
        "filename": "src\\equinox\\auth\\_oauth2\\operations.py",
        "hashed_secret": "8318df9ecda039deac9868adf1944a29a95c7114",
        "is_verified": false,
        "line_number": 258
      }
    ],
    "src\\equinox\\core\\secret_managers\\env.py": [
      {
        "type": "Secret Keyword",
        "filename": "src\\equinox\\core\\secret_managers\\env.py",
        "hashed_secret": "9de8ffafcde513fa5171292c68b0a3fe707f66c9",
        "is_verified": false,
        "line_number": 28
      }
    ],
    "src\\equinox\\gui\\dialogs\\auth_dialog.py": [
      {
        "type": "AWS Access Key",
        "filename": "src\\equinox\\gui\\dialogs\\auth_dialog.py",
        "hashed_secret": "d70eab08607a4d05faa2d0d6647206599e9abc65",
        "is_verified": false,
        "line_number": 376
      },
      {
        "type": "Base64 High Entropy String",
        "filename": "src\\equinox\\gui\\dialogs\\auth_dialog.py",
        "hashed_secret": "d70eab08607a4d05faa2d0d6647206599e9abc65",
        "is_verified": false,
        "line_number": 376
      }
    ],
    "src\\equinox\\gui\\dialogs\\saved_credentials_dialog.py": [
      {
        "type": "AWS Access Key",
        "filename": "src\\equinox\\gui\\dialogs\\saved_credentials_dialog.py",
        "hashed_secret": "d70eab08607a4d05faa2d0d6647206599e9abc65",
        "is_verified": false,
        "line_number": 332
      },
      {
        "type": "Base64 High Entropy String",
        "filename": "src\\equinox\\gui\\dialogs\\saved_credentials_dialog.py",
        "hashed_secret": "d70eab08607a4d05faa2d0d6647206599e9abc65",
        "is_verified": false,
        "line_number": 332
      }
    ],
    "src\\equinox\\storage\\secret_integration.py": [
      {
        "type": "Secret Keyword",
        "filename": "src\\equinox\\storage\\secret_integration.py",
        "hashed_secret": "fad54dfd7f2c0fa26e44209c4424739936282164",
        "is_verified": false,
        "line_number": 29
      }
    ],
    "tests\\auth\\test_auth.py": [
      {
        "type": "Secret Keyword",
        "filename": "tests\\auth\\test_auth.py",
        "hashed_secret": "035bf17d591b5967aafe1700f7e7d0bf0f7d6bf3",
        "is_verified": false,
        "line_number": 64
      },
      {
        "type": "Secret Keyword",
        "filename": "tests\\auth\\test_auth.py",
        "hashed_secret": "5baa61e4c9b93f3f0682250b6cf8331b7ee68fd8",
        "is_verified": false,
        "line_number": 79
      },
      {
        "type": "Secret Keyword",
        "filename": "tests\\auth\\test_auth.py",
        "hashed_secret": "089f2d7c3e3bc715036946840246d11af28635ff",
        "is_verified": false,
        "line_number": 117
      },
      {
        "type": "Secret Keyword",
        "filename": "tests\\auth\\test_auth.py",
        "hashed_secret": "e5e9fa1ba31ecd1ae84f75caaa474f3a663f05f4",
        "is_verified": false,
        "line_number": 130
      },
      {
        "type": "Secret Keyword",
        "filename": "tests\\auth\\test_auth.py",
        "hashed_secret": "9d4e1e23bd5b727046a9e3b4b7db57bd8d6ee684",
        "is_verified": false,
        "line_number": 366
      },
      {
        "type": "Secret Keyword",
        "filename": "tests\\auth\\test_auth.py",
        "hashed_secret": "206c80413b9a96c1312cc346b7d2517b84463edd",
        "is_verified": false,
        "line_number": 449
      }
    ],
    "tests\\auth\\test_auth_coverage.py": [
      {
        "type": "Secret Keyword",
        "filename": "tests\\auth\\test_auth_coverage.py",
        "hashed_secret": "996e35de57a02b8c71534fb9bcbf1dafc3cd6f69",
        "is_verified": false,
        "line_number": 37
      },
      {
        "type": "Secret Keyword",
        "filename": "tests\\auth\\test_auth_coverage.py",
        "hashed_secret": "a0281cd072cea8e80e7866b05dc124815760b6c9",
        "is_verified": false,
        "line_number": 377
      },
      {
        "type": "Hex High Entropy String",
        "filename": "tests\\auth\\test_auth_coverage.py",
        "hashed_secret": "5c5f5e46ed367b23e6c470d7065feeb9c32a4028",
        "is_verified": false,
        "line_number": 655
      }
    ],
    "tests\\auth\\test_auth_encryption.py": [
      {
        "type": "Secret Keyword",
        "filename": "tests\\auth\\test_auth_encryption.py",
        "hashed_secret": "6165c89033c37eb27a238c95fb492a4c9753e521",
        "is_verified": false,
        "line_number": 92
      },
      {
        "type": "Secret Keyword",
        "filename": "tests\\auth\\test_auth_encryption.py",
        "hashed_secret": "9d02c12a2686ee5188a31ba56cfc970734a4bee6",
        "is_verified": false,
        "line_number": 98
      }
    ],
    "tests\\auth\\test_auth_security.py": [
      {
        "type": "Secret Keyword",
        "filename": "tests\\auth\\test_auth_security.py",
        "hashed_secret": "9d4e1e23bd5b727046a9e3b4b7db57bd8d6ee684",
        "is_verified": false,
        "line_number": 119
      },
      {
        "type": "AWS Access Key",
        "filename": "tests\\auth\\test_auth_security.py",
        "hashed_secret": "25910f981e85ca04baf359199dd0bd4a3ae738b6",
        "is_verified": false,
        "line_number": 177
      }
    ],
    "tests\\auth\\test_factory.py": [
      {
        "type": "Secret Keyword",
        "filename": "tests\\auth\\test_factory.py",
        "hashed_secret": "9d4e1e23bd5b727046a9e3b4b7db57bd8d6ee684",
        "is_verified": false,
        "line_number": 23
      },
      {
        "type": "Secret Keyword",
        "filename": "tests\\auth\\test_factory.py",
        "hashed_secret": "67f994533a5d976eed69aeae05e381bf6fa851e8",
        "is_verified": false,
        "line_number": 29
      },
      {
        "type": "Secret Keyword",
        "filename": "tests\\auth\\test_factory.py",
        "hashed_secret": "3c3b274d119ff5a5ec6c1e215c1cb794d9973ac1",
        "is_verified": false,
        "line_number": 34
      }
    ],
    "tests\\auth\\test_oauth2_error_redaction.py": [
      {
        "type": "Secret Keyword",
        "filename": "tests\\auth\\test_oauth2_error_redaction.py",
        "hashed_secret": "a761ce3a45d97e41840a788495e85a70d1bb3815",
        "is_verified": false,
        "line_number": 22
      }
    ],
    "tests\\auth\\test_oauth2_scope.py": [
      {
        "type": "Secret Keyword",
        "filename": "tests\\auth\\test_oauth2_scope.py",
        "hashed_secret": "9d02c12a2686ee5188a31ba56cfc970734a4bee6",
        "is_verified": false,
        "line_number": 57
      }
    ],
    "tests\\auth\\test_oauth2_token_auth_fallback.py": [
      {
        "type": "Secret Keyword",
        "filename": "tests\\auth\\test_oauth2_token_auth_fallback.py",
        "hashed_secret": "a0281cd072cea8e80e7866b05dc124815760b6c9",
        "is_verified": false,
        "line_number": 20
      }
    ],
    "tests\\auth\\test_oauth_creds.py": [
      {
        "type": "Secret Keyword",
        "filename": "tests\\auth\\test_oauth_creds.py",
        "hashed_secret": "70d6d3588b413dd9ff0c6c0558dd5d6f60e0e373",
        "is_verified": false,
        "line_number": 27
      },
      {
        "type": "Secret Keyword",
        "filename": "tests\\auth\\test_oauth_creds.py",
        "hashed_secret": "85f1b90e426f8b08f2634a227978c924911542ec",
        "is_verified": false,
        "line_number": 113
      },
      {
        "type": "Secret Keyword",
        "filename": "tests\\auth\\test_oauth_creds.py",
        "hashed_secret": "676151caec3bf42ffc9a29a9b4424fb93c5cb257",
        "is_verified": false,
        "line_number": 121
      },
      {
        "type": "Secret Keyword",
        "filename": "tests\\auth\\test_oauth_creds.py",
        "hashed_secret": "9d02c12a2686ee5188a31ba56cfc970734a4bee6",
        "is_verified": false,
        "line_number": 186
      },
      {
        "type": "Secret Keyword",
        "filename": "tests\\auth\\test_oauth_creds.py",
        "hashed_secret": "d60d8c504e51e1dd6fd6d9d5f9b4cee88885211a",
        "is_verified": false,
        "line_number": 264
      },
      {
        "type": "Secret Keyword",
        "filename": "tests\\auth\\test_oauth_creds.py",
        "hashed_secret": "9d4e1e23bd5b727046a9e3b4b7db57bd8d6ee684",
        "is_verified": false,
        "line_number": 292
      }
    ],
    "tests\\auth\\test_package_init.py": [
      {
        "type": "Secret Keyword",
        "filename": "tests\\auth\\test_package_init.py",
        "hashed_secret": "206c80413b9a96c1312cc346b7d2517b84463edd",
        "is_verified": false,
        "line_number": 96
      }
    ],
    "tests\\cli\\test_main.py": [
      {
        "type": "Secret Keyword",
        "filename": "tests\\cli\\test_main.py",
        "hashed_secret": "57b2ad99044d337197c0c39fd3823568ff81e48a",
        "is_verified": false,
        "line_number": 29
      },
      {
        "type": "Secret Keyword",
        "filename": "tests\\cli\\test_main.py",
        "hashed_secret": "b3253d1df115247482e109f5e498973a8c77b1df",
        "is_verified": false,
        "line_number": 50
      }
    ],
    "tests\\core\\client\\test_dispatcher_tls_metadata.py": [
      {
        "type": "Basic Auth Credentials",
        "filename": "tests\\core\\client\\test_dispatcher_tls_metadata.py",
        "hashed_secret": "e5e9fa1ba31ecd1ae84f75caaa474f3a663f05f4",
        "is_verified": false,
        "line_number": 198
      }
    ],
    "tests\\core\\test_audit.py": [
      {
        "type": "Secret Keyword",
        "filename": "tests\\core\\test_audit.py",
        "hashed_secret": "4ea8d2335b430796cf3f500368c5b0f5b1dc90f5",
        "is_verified": false,
        "line_number": 57
      },
      {
        "type": "Secret Keyword",
        "filename": "tests\\core\\test_audit.py",
        "hashed_secret": "f3bbbd66a63d4bf1747940578ec3d0103530e21d",
        "is_verified": false,
        "line_number": 58
      },
      {
        "type": "Secret Keyword",
        "filename": "tests\\core\\test_audit.py",
        "hashed_secret": "920a25ef686c4f7ca6ad23dd109d3ad653161832",
        "is_verified": false,
        "line_number": 73
      }
    ],
    "tests\\core\\test_dotenv.py": [
      {
        "type": "Secret Keyword",
        "filename": "tests\\core\\test_dotenv.py",
        "hashed_secret": "f2b14f68eb995facb3a1c35287b778d5bd785511",
        "is_verified": false,
        "line_number": 28
      },
      {
        "type": "Basic Auth Credentials",
        "filename": "tests\\core\\test_dotenv.py",
        "hashed_secret": "9d4e1e23bd5b727046a9e3b4b7db57bd8d6ee684",
        "is_verified": false,
        "line_number": 48
      },
      {
        "type": "Secret Keyword",
        "filename": "tests\\core\\test_dotenv.py",
        "hashed_secret": "7f00b894ab9ce41281e8f68b8aa311fd533681cb",
        "is_verified": false,
        "line_number": 87
      }
    ],
    "tests\\core\\test_interpolation.py": [
      {
        "type": "Secret Keyword",
        "filename": "tests\\core\\test_interpolation.py",
        "hashed_secret": "f2b14f68eb995facb3a1c35287b778d5bd785511",
        "is_verified": false,
        "line_number": 59
      },
      {
        "type": "Secret Keyword",
        "filename": "tests\\core\\test_interpolation.py",
        "hashed_secret": "e5e9fa1ba31ecd1ae84f75caaa474f3a663f05f4",
        "is_verified": false,
        "line_number": 216
      }
    ],
    "tests\\core\\test_redact.py": [
      {
        "type": "Secret Keyword",
        "filename": "tests\\core\\test_redact.py",
        "hashed_secret": "6367c48dd193d56ea7b0baad25b19455e529f5ee",
        "is_verified": false,
        "line_number": 72
      },
      {
        "type": "Basic Auth Credentials",
        "filename": "tests\\core\\test_redact.py",
        "hashed_secret": "fef341f85d87439e7d91a2d465b9871ef66b5e98",
        "is_verified": false,
        "line_number": 116
      }
    ],
    "tests\\core\\test_response_intelligence.py": [
      {
        "type": "JSON Web Token",
        "filename": "tests\\core\\test_response_intelligence.py",
        "hashed_secret": "759ea996d3686cbca80b6d412c3cee3faf60c272",
        "is_verified": false,
        "line_number": 276
      }
    ],
    "tests\\core\\test_security.py": [
      {
        "type": "Secret Keyword",
        "filename": "tests\\core\\test_security.py",
        "hashed_secret": "035bf17d591b5967aafe1700f7e7d0bf0f7d6bf3",
        "is_verified": false,
        "line_number": 136
      },
      {
        "type": "Secret Keyword",
        "filename": "tests\\core\\test_security.py",
        "hashed_secret": "4ea8d2335b430796cf3f500368c5b0f5b1dc90f5",
        "is_verified": false,
        "line_number": 137
      }
    ],
    "tests\\gui\\test_auth_dialog_oauth_hint.py": [
      {
        "type": "Secret Keyword",
        "filename": "tests\\gui\\test_auth_dialog_oauth_hint.py",
        "hashed_secret": "a0281cd072cea8e80e7866b05dc124815760b6c9",
        "is_verified": false,
        "line_number": 25
      }
    ],
    "tests\\gui\\test_gui_dialogs_coverage.py": [
      {
        "type": "Secret Keyword",
        "filename": "tests\\gui\\test_gui_dialogs_coverage.py",
        "hashed_secret": "f3bba5d9c0ce665f2efa6030c2fae011942c7409",
        "is_verified": false,
        "line_number": 331
      },
      {
        "type": "Secret Keyword",
        "filename": "tests\\gui\\test_gui_dialogs_coverage.py",
        "hashed_secret": "9d02c12a2686ee5188a31ba56cfc970734a4bee6",
        "is_verified": false,
        "line_number": 348
      },
      {
        "type": "Secret Keyword",
        "filename": "tests\\gui\\test_gui_dialogs_coverage.py",
        "hashed_secret": "9d4e1e23bd5b727046a9e3b4b7db57bd8d6ee684",
        "is_verified": false,
        "line_number": 448
      }
    ],
    "tests\\gui\\test_window_and_workers_coverage.py": [
      {
        "type": "Secret Keyword",
        "filename": "tests\\gui\\test_window_and_workers_coverage.py",
        "hashed_secret": "5c5a15a8b0b3e154d77746945e563ba40100681b",
        "is_verified": false,
        "line_number": 116
      },
      {
        "type": "Secret Keyword",
        "filename": "tests\\gui\\test_window_and_workers_coverage.py",
        "hashed_secret": "920a25ef686c4f7ca6ad23dd109d3ad653161832",
        "is_verified": false,
        "line_number": 130
      }
    ],
    "tests\\importers\\test_har_import.py": [
      {
        "type": "Secret Keyword",
        "filename": "tests\\importers\\test_har_import.py",
        "hashed_secret": "e5e9fa1ba31ecd1ae84f75caaa474f3a663f05f4",
        "is_verified": false,
        "line_number": 185
      }
    ],
    "tests\\security\\test_redaction_and_history.py": [
      {
        "type": "Secret Keyword",
        "filename": "tests\\security\\test_redaction_and_history.py",
        "hashed_secret": "f3bbbd66a63d4bf1747940578ec3d0103530e21d",
        "is_verified": false,
        "line_number": 34
      }
    ],
    "tests\\security\\test_redaction_regression.py": [
      {
        "type": "Secret Keyword",
        "filename": "tests\\security\\test_redaction_regression.py",
        "hashed_secret": "4ea8d2335b430796cf3f500368c5b0f5b1dc90f5",
        "is_verified": false,
        "line_number": 31
      },
      {
        "type": "Basic Auth Credentials",
        "filename": "tests\\security\\test_redaction_regression.py",
        "hashed_secret": "b5688dd3ea591885147de8a26205d463b6a9f22f",
        "is_verified": false,
        "line_number": 42
      },
      {
        "type": "Secret Keyword",
        "filename": "tests\\security\\test_redaction_regression.py",
        "hashed_secret": "1a91d62f7ca67399625a4368a6ab5d4a3baa6073",
        "is_verified": false,
        "line_number": 56
      }
    ],
    "tests\\security\\test_secret_rotation.py": [
      {
        "type": "Secret Keyword",
        "filename": "tests\\security\\test_secret_rotation.py",
        "hashed_secret": "1fb7d3189dacf03c2a52af461bee87d36f2b0b5f",
        "is_verified": false,
        "line_number": 41
      },
      {
        "type": "Secret Keyword",
        "filename": "tests\\security\\test_secret_rotation.py",
        "hashed_secret": "ba2edb216068a8c454ee3169d3526e7f40e0ff89",
        "is_verified": false,
        "line_number": 55
      },
      {
        "type": "Secret Keyword",
        "filename": "tests\\security\\test_secret_rotation.py",
        "hashed_secret": "8b5f9a08aab244fda1d552e81480949099261578",
        "is_verified": false,
        "line_number": 63
      }
    ],
    "tests\\storage\\test_environments_extended.py": [
      {
        "type": "Secret Keyword",
        "filename": "tests\\storage\\test_environments_extended.py",
        "hashed_secret": "1902e3d6fc4e78a0bcc50ba12b882769afbf4a8c",
        "is_verified": false,
        "line_number": 249
      }
    ],
    "tests\\storage\\test_hierarchical_auth.py": [
      {
        "type": "Secret Keyword",
        "filename": "tests\\storage\\test_hierarchical_auth.py",
        "hashed_secret": "e5e9fa1ba31ecd1ae84f75caaa474f3a663f05f4",
        "is_verified": false,
        "line_number": 508
      },
      {
        "type": "Secret Keyword",
        "filename": "tests\\storage\\test_hierarchical_auth.py",
        "hashed_secret": "e114e36f81cb1f158011810e80f5a387c281410f",
        "is_verified": false,
        "line_number": 862
      }
    ],
    "tests\\storage\\test_saved_credentials_extended.py": [
      {
        "type": "Secret Keyword",
        "filename": "tests\\storage\\test_saved_credentials_extended.py",
        "hashed_secret": "9d4e1e23bd5b727046a9e3b4b7db57bd8d6ee684",
        "is_verified": false,
        "line_number": 265
      },
      {
        "type": "Secret Keyword",
        "filename": "tests\\storage\\test_saved_credentials_extended.py",
        "hashed_secret": "920a25ef686c4f7ca6ad23dd109d3ad653161832",
        "is_verified": false,
        "line_number": 290
      }
    ],
    "tests\\storage\\test_storage.py": [
      {
        "type": "Secret Keyword",
        "filename": "tests\\storage\\test_storage.py",
        "hashed_secret": "3acfb2c2b433c0ea7ff107e33df91b18e52f960f",
        "is_verified": false,
        "line_number": 166
      },
      {
        "type": "Secret Keyword",
        "filename": "tests\\storage\\test_storage.py",
        "hashed_secret": "dff6d4ff5dc357cf451d1855ab9cbda562645c9f",
        "is_verified": false,
        "line_number": 212
      }
    ],
    "tests\\storage\\test_variables.py": [
      {
        "type": "Secret Keyword",
        "filename": "tests\\storage\\test_variables.py",
        "hashed_secret": "f2b14f68eb995facb3a1c35287b778d5bd785511",
        "is_verified": false,
        "line_number": 210
      }
    ]
  },
  "generated_at": "2026-06-03T09:11:55Z"
}
